Command: /home/mariem/.espressif/python_env/idf5.5_py3.12_env/bin/python /home/mariem/esp-idf/tools/idf_monitor.py -p /dev/ttyUSB0 -b 115200 --toolchain-prefix riscv32-esp-elf- --target esp32c3 --revision 3 --decode-panic backtrace /home/mariem/AP_displayer/build/AP_displayer.elf /home/mariem/AP_displayer/build/bootloader/bootloader.elf -m '/home/mariem/.espressif/python_env/idf5.5_py3.12_env/bin/python' '/home/mariem/esp-idf/tools/idf.py'
ESP-ROM:esp32c3-api1-20210207
Build:Feb  7 2021
rst:0x1 (POWERON),boot:0xc (SPI_FAST_FLASH_BOOT)
SPIWP:0xee
mode:DIO, clock div:1
load:0x3fcd5820,len:0x15b8
load:0x403cbf10,len:0xc30
load:0x403ce710,len:0x2fe8
entry 0x403cbf1a
[0;32mI (30) boot: ESP-IDF v5.5-dev-2290-g94cfe394fe-dirty 2nd stage bootloader[0m
[0;32mI (30) boot: compile time Mar 14 2025 14:12:07[0m
[0;32mI (30) boot: chip revision: v0.3[0m
[0;32mI (32) boot: efuse block revision: v1.2[0m
[0;32mI (36) boot.esp32c3: SPI Speed      : 80MHz[0m
[0;32mI (40) boot.esp32c3: SPI Mode       : DIO[0m
[0;32mI (44) boot.esp32c3: SPI Flash Size : 4MB[0m
[0;32mI (47) boot: Enabling RNG early entropy source...[0m
[0;32mI (52) boot: Partition Table:[0m
[0;32mI (54) boot: ## Label            Usage          Type ST Offset   Length[0m
[0;32mI (61) boot:  0 nvs              WiFi data        01 02 00009000 00006000[0m
[0;32mI (67) boot:  1 phy_init         RF data          01 01 0000f000 00001000[0m
[0;32mI (74) boot:  2 factory          factory app      00 00 00010000 00200000[0m
[0;32mI (80) boot:  3 spiffs           Unknown data     01 82 00210000 00100000[0m
[0;32mI (87) boot: End of partition table[0m
[0;32mI (90) esp_image: segment 0: paddr=00010020 vaddr=3c0d0020 size=6a9bch (436668) map[0m
[0;32mI (166) esp_image: segment 1: paddr=0007a9e4 vaddr=3fc96000 size=02ef8h ( 12024) load[0m
[0;32mI (168) esp_image: segment 2: paddr=0007d8e4 vaddr=40380000 size=02734h ( 10036) load[0m
[0;32mI (172) esp_image: segment 3: paddr=00080020 vaddr=42000020 size=ce414h (844820) map[0m
[0;32mI (309) esp_image: segment 4: paddr=0014e43c vaddr=40382734 size=13724h ( 79652) load[0m
[0;32mI (324) esp_image: segment 5: paddr=00161b68 vaddr=50000000 size=0001ch (    28) load[0m
[0;32mI (330) boot: Loaded app from partition at offset 0x10000[0m
[0;32mI (330) boot: Disabling RNG early entropy source...[0m
[0;32mI (342) cpu_start: Unicore app[0m
[0;32mI (350) cpu_start: Pro cpu start user code[0m
[0;32mI (350) cpu_start: cpu freq: 160000000 Hz[0m
[0;32mI (350) app_init: Application information:[0m
[0;32mI (350) app_init: Project name:     AP_displayer[0m
[0;32mI (355) app_init: App version:      9e15134-dirty[0m
[0;32mI (359) app_init: Compile time:     Mar 16 2025 19:22:18[0m
[0;32mI (364) app_init: ELF file SHA256:  1c9ad95a9...[0m
[0;32mI (368) app_init: ESP-IDF:          v5.5-dev-2290-g94cfe394fe-dirty[0m
[0;32mI (374) efuse_init: Min chip rev:     v0.3[0m
[0;32mI (378) efuse_init: Max chip rev:     v1.99 [0m
[0;32mI (382) efuse_init: Chip rev:         v0.3[0m
[0;32mI (386) heap_init: Initializing. RAM available for dynamic allocation:[0m
[0;32mI (392) heap_init: At 3FCAD4F0 len 00012B10 (74 KiB): RAM[0m
[0;32mI (397) heap_init: At 3FCC0000 len 0001C710 (113 KiB): Retention RAM[0m
[0;32mI (403) heap_init: At 3FCDC710 len 00002950 (10 KiB): Retention RAM[0m
[0;32mI (409) heap_init: At 5000001C len 00001FCC (7 KiB): RTCRAM[0m
[0;32mI (416) spi_flash: detected chip: generic[0m
[0;32mI (418) spi_flash: flash io: dio[0m
[0;32mI (422) sleep_gpio: Configure to isolate all GPIO pins in sleep state[0m
[0;32mI (428) sleep_gpio: Enable automatic switching of GPIO sleep configuration[0m
[0;32mI (434) main_task: Started on CPU0[0m
[0;32mI (464) main_task: Calling app_main()[0m
[0;32mI (464) gpio: GPIO[7]| InputEn: 0| OutputEn: 0| OpenDrain: 0| Pullup: 1| Pulldown: 0| Intr:0 [0m
[0;32mI (464) gpio: GPIO[7]| InputEn: 1| OutputEn: 0| OpenDrain: 0| Pullup: 0| Pulldown: 1| Intr:1 [0m
[0;32mI (474) gpio: GPIO[9]| InputEn: 0| OutputEn: 0| OpenDrain: 0| Pullup: 1| Pulldown: 0| Intr:0 [0m
[0;32mI (484) gpio: GPIO[9]| InputEn: 1| OutputEn: 0| OpenDrain: 0| Pullup: 0| Pulldown: 1| Intr:1 [0m
[0;32mI (484) btn_driver: btn_pins config done[0m
[0;32mI (494) pp: pp rom version: 9387209[0m
[0;32mI (494) net80211: net80211 rom version: 9387209[0m
[0;32mI (514) wifi:wifi driver task: 3fcb6998, prio:23, stack:6656, core=0[0m
[0;32mI (514) wifi:wifi firmware version: 3a3aca644[0m
[0;32mI (514) wifi:wifi certification version: v7.0[0m
[0;32mI (514) wifi:config NVS flash: enabled[0m
[0;32mI (514) wifi:config nano formatting: disabled[0m
[0;32mI (524) wifi:Init data frame dynamic rx buffer num: 32[0m
[0;32mI (524) wifi:Init static rx mgmt buffer num: 5[0m
[0;32mI (534) wifi:Init management short buffer num: 32[0m
[0;32mI (534) wifi:Init dynamic tx buffer num: 32[0m
[0;32mI (544) wifi:Init static tx FG buffer num: 2[0m
[0;32mI (544) wifi:Init static rx buffer size: 1600[0m
[0;32mI (544) wifi:Init static rx buffer num: 10[0m
[0;32mI (554) wifi:Init dynamic rx buffer num: 32[0m
[0;32mI (554) wifi_init: rx ba win: 6[0m
[0;32mI (554) wifi_init: accept mbox: 6[0m
[0;32mI (564) wifi_init: tcpip mbox: 32[0m
[0;32mI (564) wifi_init: udp mbox: 6[0m
[0;32mI (564) wifi_init: tcp mbox: 6[0m
[0;32mI (574) wifi_init: tcp tx win: 5760[0m
[0;32mI (574) wifi_init: tcp rx win: 5760[0m
[0;32mI (574) wifi_init: tcp mss: 1440[0m
[0;32mI (574) wifi_init: WiFi IRAM OP enabled[0m
[0;32mI (584) wifi_init: WiFi RX IRAM OP enabled[0m
[0;32mI (584) phy_init: phy_version 1200,2b7123f9,Feb 18 2025,15:22:21[0m
[0;32mI (624) phy_init: Saving new calibration data due to checksum failure or outdated calibration data, mode(0)[0m
[0;32mI (684) wifi:mode : sta (58:cf:79:e1:85:b8)[0m
[0;32mI (684) wifi:enable tsf[0m
[0;32mI (3194) scan_app: total APs scanned = 5, size of APs list shown = 5[0m
[0;32mI (3194) scan_app: SUPLA device found : SSID = SOMEF-R1-24EC4A9AFDFC[0m
[0;32mI (3194) scan_app:                      MAC = 24:ec:4a:9a:fd:fd[0m
[0;32mI (3194) main: from main: uint8_t  ssid = SOMEF-R1-24EC4A9AFDFC[0m
[0;32mI (3204) main: from main: char ssid = SOMEF-R1-24EC4A9AFDFC[0m
[0;32mI (3204) display_driver: config bl pin[0m
[0;32mI (3214) gpio: GPIO[2]| InputEn: 0| OutputEn: 1| OpenDrain: 0| Pullup: 0| Pulldown: 0| Intr:0 [0m
[0;32mI (3224) display_driver: init spi bus[0m
[0;32mI (3224) display_driver: init lcd panel io[0m
[0;32mI (3224) display_driver: init ili9341 driver[0m
[0;32mI (3234) gpio: GPIO[3]| InputEn: 0| OutputEn: 1| OpenDrain: 0| Pullup: 0| Pulldown: 0| Intr:0 [0m
[0;32mI (3234) ili9341: LCD panel create success, version: 1.2.0[0m
[0;32mI (3364) display_driver: init lvgl[0m
[0;32mI (3364) display_driver: init lv tick_timer[0m
[0;32mI (3364) display_driver: attach callback to lv_display event: "display is flush ready" ie: transfer from lv buffers is finished; cb = notify lvgl[0m
[0;32mI (3374) display_driver: create lvgl task[0m
[0;32mI (3374) display_driver: starting lvgl task[0m
[0;32mI (3444) display_driver: start ui [0m
[0;32mI (472054) btn_driver: btn_nok pressed[0m
ESP-ROM:esp32c3-api1-20210207
Build:Feb  7 2021
rst:0x1 (POWERON),boot:0xc (SPI_FAST_FLASH_BOOT)
SPIWP:0xee
mode:DIO, clock div:1
load:0x3fcd5820,len:0x15b8
load:0x403cbf10,len:0xc30
load:0x403ce710,len:0x2fe8
entry 0x403cbf1a
[0;32mI (30) boot: ESP-IDF v5.5-dev-2290-g94cfe394fe-dirty 2nd stage bootloader[0m
[0;32mI (30) boot: compile time Mar 14 2025 14:12:07[0m
[0;32mI (30) boot: chip revision: v0.3[0m
[0;32mI (32) boot: efuse block revision: v1.2[0m
[0;32mI (36) boot.esp32c3: SPI Speed      : 80MHz[0m
[0;32mI (40) boot.esp32c3: SPI Mode       : DIO[0m
[0;32mI (44) boot.esp32c3: SPI Flash Size : 4MB[0m
[0;32mI (47) boot: Enabling RNG early entropy source...[0m
[0;32mI (52) boot: Partition Table:[0m
[0;32mI (54) boot: ## Label            Usage          Type ST Offset   Length[0m
[0;32mI (61) boot:  0 nvs              WiFi data        01 02 00009000 00006000[0m
[0;32mI (67) boot:  1 phy_init         RF data          01 01 0000f000 00001000[0m
[0;32mI (74) boot:  2 factory          factory app      00 00 00010000 00200000[0m
[0;32mI (80) boot:  3 spiffs           Unknown data     01 82 00210000 00100000[0m
[0;32mI (87) boot: End of partition table[0m
[0;32mI (90) esp_image: segment 0: paddr=00010020 vaddr=3c0d0020 size=6a9bch (436668) map[0m
[0;32mI (166) esp_image: segment 1: paddr=0007a9e4 vaddr=3fc96000 size=02ef8h ( 12024) load[0m
[0;32mI (168) esp_image: segment 2: paddr=0007d8e4 vaddr=40380000 size=02734h ( 10036) load[0m
[0;32mI (172) esp_image: segment 3: paddr=00080020 vaddr=42000020 size=ce414h (844820) map[0m
[0;32mI (309) esp_image: segment 4: paddr=0014e43c vaddr=40382734 size=13724h ( 79652) load[0m
[0;32mI (324) esp_image: segment 5: paddr=00161b68 vaddr=50000000 size=0001ch (    28) load[0m
[0;32mI (330) boot: Loaded app from partition at offset 0x10000[0m
[0;32mI (330) boot: Disabling RNG early entropy source...[0m
[0;32mI (342) cpu_start: Unicore app[0m
[0;32mI (350) cpu_start: Pro cpu start user code[0m
[0;32mI (350) cpu_start: cpu freq: 160000000 Hz[0m
[0;32mI (350) app_init: Application information:[0m
[0;32mI (350) app_init: Project name:     AP_displayer[0m
[0;32mI (355) app_init: App version:      9e15134-dirty[0m
[0;32mI (359) app_init: Compile time:     Mar 16 2025 19:22:18[0m
[0;32mI (364) app_init: ELF file SHA256:  1c9ad95a9...[0m
[0;32mI (368) app_init: ESP-IDF:          v5.5-dev-2290-g94cfe394fe-dirty[0m
[0;32mI (374) efuse_init: Min chip rev:     v0.3[0m
[0;32mI (378) efuse_init: Max chip rev:     v1.99 [0m
[0;32mI (382) efuse_init: Chip rev:         v0.3[0m
[0;32mI (386) heap_init: Initializing. RAM available for dynamic allocation:[0m
[0;32mI (392) heap_init: At 3FCAD4F0 len 00012B10 (74 KiB): RAM[0m
[0;32mI (397) heap_init: At 3FCC0000 len 0001C710 (113 KiB): Retention RAM[0m
[0;32mI (403) heap_init: At 3FCDC710 len 00002950 (10 KiB): Retention RAM[0m
[0;32mI (409) heap_init: At 5000001C len 00001FCC (7 KiB): RTCRAM[0m
[0;32mI (416) spi_flash: detected chip: generic[0m
[0;32mI (418) spi_flash: flash io: dio[0m
[0;32mI (422) sleep_gpio: Configure to isolate all GPIO pins in sleep state[0m
[0;32mI (428) sleep_gpio: Enable automatic switching of GPIO sleep configuration[0m
[0;32mI (434) main_task: Started on CPU0[0m
[0;32mI (464) main_task: Calling app_main()[0m
[0;32mI (464) gpio: GPIO[7]| InputEn: 0| OutputEn: 0| OpenDrain: 0| Pullup: 1| Pulldown: 0| Intr:0 [0m
[0;32mI (464) gpio: GPIO[7]| InputEn: 1| OutputEn: 0| OpenDrain: 0| Pullup: 0| Pulldown: 1| Intr:1 [0m
[0;32mI (474) gpio: GPIO[9]| InputEn: 0| OutputEn: 0| OpenDrain: 0| Pullup: 1| Pulldown: 0| Intr:0 [0m
[0;32mI (484) gpio: GPIO[9]| InputEn: 1| OutputEn: 0| OpenDrain: 0| Pullup: 0| Pulldown: 1| Intr:1 [0m
[0;32mI (494) btn_driver: btn_pins config done[0m
[0;32mI (494) pp: pp rom version: 9387209[0m
[0;32mI (494) net80211: net80211 rom version: 9387209[0m
[0;32mI (514) wifi:wifi driver task: 3fcb6a1c, prio:23, stack:6656, core=0[0m
[0;32mI (514) wifi:wifi firmware version: 3a3aca644[0m
[0;32mI (514) wifi:wifi certification version: v7.0[0m
[0;32mI (514) wifi:config NVS flash: enabled[0m
[0;32mI (514) wifi:config nano formatting: disabled[0m
[0;32mI (524) wifi:Init data frame dynamic rx buffer num: 32[0m
[0;32mI (524) wifi:Init static rx mgmt buffer num: 5[0m
[0;32mI (534) wifi:Init management short buffer num: 32[0m
[0;32mI (534) wifi:Init dynamic tx buffer num: 32[0m
[0;32mI (544) wifi:Init static tx FG buffer num: 2[0m
[0;32mI (544) wifi:Init static rx buffer size: 1600[0m
[0;32mI (544) wifi:Init static rx buffer num: 10[0m
[0;32mI (554) wifi:Init dynamic rx buffer num: 32[0m
[0;32mI (554) wifi_init: rx ba win: 6[0m
[0;32mI (554) wifi_init: accept mbox: 6[0m
[0;32mI (564) wifi_init: tcpip mbox: 32[0m
[0;32mI (564) wifi_init: udp mbox: 6[0m
[0;32mI (564) wifi_init: tcp mbox: 6[0m
[0;32mI (574) wifi_init: tcp tx win: 5760[0m
[0;32mI (574) wifi_init: tcp rx win: 5760[0m
[0;32mI (574) wifi_init: tcp mss: 1440[0m
[0;32mI (574) wifi_init: WiFi IRAM OP enabled[0m
[0;32mI (584) wifi_init: WiFi RX IRAM OP enabled[0m
[0;32mI (584) phy_init: phy_version 1200,2b7123f9,Feb 18 2025,15:22:21[0m
[0;32mI (624) wifi:mode : sta (58:cf:79:e1:85:b8)[0m
[0;32mI (624) wifi:enable tsf[0m
[0;32mI (3124) scan_app: total APs scanned = 5, size of APs list shown = 5[0m
[0;32mI (3124) scan_app: SUPLA device found : SSID = SOMEF-R1-24EC4A9AFDFC[0m
[0;32mI (3124) scan_app:                      MAC = 24:ec:4a:9a:fd:fd[0m
[0;32mI (3124) main: from main: uint8_t  ssid = SOMEF-R1-24EC4A9AFDFC[0m
[0;32mI (3134) main: from main: char ssid = SOMEF-R1-24EC4A9AFDFC[0m
[0;32mI (3134) display_driver: config bl pin[0m
[0;32mI (3144) gpio: GPIO[2]| InputEn: 0| OutputEn: 1| OpenDrain: 0| Pullup: 0| Pulldown: 0| Intr:0 [0m
[0;32mI (3154) display_driver: init spi bus[0m
[0;32mI (3154) display_driver: init lcd panel io[0m
[0;32mI (3154) display_driver: init ili9341 driver[0m
[0;32mI (3164) gpio: GPIO[3]| InputEn: 0| OutputEn: 1| OpenDrain: 0| Pullup: 0| Pulldown: 0| Intr:0 [0m
[0;32mI (3164) ili9341: LCD panel create success, version: 1.2.0[0m
[0;32mI (3294) display_driver: init lvgl[0m
[0;32mI (3294) display_driver: init lv tick_timer[0m
[0;32mI (3294) display_driver: attach callback to lv_display event: "display is flush ready" ie: transfer from lv buffers is finished; cb = notify lvgl[0m
[0;32mI (3304) display_driver: create lvgl task[0m
[0;32mI (3304) display_driver: starting lvgl task[0m
[0;32mI (3374) display_driver: start ui [0m
[0;32mI (15194) btn_driver: btn_nok pressed[0m
[0;32mI (16644) btn_driver: btn_nok pressed[0m
[0;32mI (17694) btn_driver: btn_nok pressed[0m
[0;32mI (18444) btn_driver: btn_nok pressed[0m
[0;32mI (24124) btn_driver: btn_nok pressed[0m
[0;32mI (24724) btn_driver: btn_nok pressed[0m
[0;32mI (25284) btn_driver: btn_nok pressed[0m
[0;32mI (27454) btn_driver: btn_nok pressed[0m
[0;32mI (30204) btn_driver: btn_nok pressed[0m
[0;32mI (34514) btn_driver: btn_nok pressed[0m
[0;32mI (42334) btn_driver: btn_nok pressed[0m
[0;32mI (58264) display_driver: btn_ok_pressed = 1[0m
[0;32mI (58364) display_driver: btn_ok_pressed = 1[0m
[0;32mI (58464) display_driver: btn_ok_pressed = 1[0m
[0;32mI (58564) display_driver: btn_ok_pressed = 1[0m
[0;32mI (58664) display_driver: btn_ok_pressed = 1[0m
[0;32mI (58704) btn_driver: btn_ok pressed[0m
[0;32mI (66764) display_driver: btn_ok_pressed = 1[0m
[0;32mI (66864) display_driver: btn_ok_pressed = 1[0m
[0;32mI (66964) display_driver: btn_ok_pressed = 1[0m
[0;32mI (67064) display_driver: btn_ok_pressed = 1[0m
[0;32mI (67164) display_driver: btn_ok_pressed = 1[0m
[0;32mI (67174) btn_driver: btn_ok pressed[0m
[0;32mI (67864) display_driver: btn_ok_pressed = 1[0m
[0;32mI (67964) display_driver: btn_ok_pressed = 1[0m
[0;32mI (68064) display_driver: btn_ok_pressed = 1[0m
[0;32mI (68164) display_driver: btn_ok_pressed = 1[0m
[0;32mI (68264) display_driver: btn_ok_pressed = 1[0m
[0;32mI (68334) btn_driver: btn_ok pressed[0m
[0;32mI (68964) display_driver: btn_ok_pressed = 1[0m
[0;32mI (69064) display_driver: btn_ok_pressed = 1[0m
[0;32mI (69164) display_driver: btn_ok_pressed = 1[0m
[0;32mI (69264) display_driver: btn_ok_pressed = 1[0m
[0;32mI (69364) display_driver: btn_ok_pressed = 1[0m
[0;32mI (69444) btn_driver: btn_ok pressed[0m
[0;32mI (70264) display_driver: btn_ok_pressed = 1[0m
[0;32mI (70364) display_driver: btn_ok_pressed = 1[0m
[0;32mI (70464) display_driver: btn_ok_pressed = 1[0m
[0;32mI (70564) display_driver: btn_ok_pressed = 1[0m
[0;32mI (70664) display_driver: btn_ok_pressed = 1[0m
[0;32mI (70734) btn_driver: btn_ok pressed[0m
[0;32mI (71564) display_driver: btn_ok_pressed = 1[0m
[0;32mI (71664) display_driver: btn_ok_pressed = 1[0m
[0;32mI (71764) display_driver: btn_ok_pressed = 1[0m
[0;32mI (71864) display_driver: btn_ok_pressed = 1[0m
[0;32mI (71964) display_driver: btn_ok_pressed = 1[0m
[0;32mI (72024) btn_driver: btn_ok pressed[0m
ESP-ROM:esp32c3-api1-20210207
Build:Feb  7 2021
rst:0x1 (POWERON),boot:0xc (SPI_FAST_FLASH_BOOT)
SPIWP:0xee
mode:DIO, clock div:1
load:0x3fcd5820,len:0x15b8
load:0x403cbf10,len:0xc30
load:0x403ce710,len:0x2fe8
entry 0x403cbf1a
[0;32mI (30) boot: ESP-IDF v5.5-dev-2290-g94cfe394fe-dirty 2nd stage bootloader[0m
[0;32mI (30) boot: compile time Mar 14 2025 14:12:07[0m
[0;32mI (30) boot: chip revision: v0.3[0m
[0;32mI (32) boot: efuse block revision: v1.2[0m
[0;32mI (36) boot.esp32c3: SPI Speed      : 80MHz[0m
[0;32mI (40) boot.esp32c3: SPI Mode       : DIO[0m
[0;32mI (44) boot.esp32c3: SPI Flash Size : 4MB[0m
[0;32mI (47) boot: Enabling RNG early entropy source...[0m
[0;32mI (52) boot: Partition Table:[0m
[0;32mI (54) boot: ## Label            Usage          Type ST Offset   Length[0m
[0;32mI (61) boot:  0 nvs              WiFi data        01 02 00009000 00006000[0m
[0;32mI (67) boot:  1 phy_init         RF data          01 01 0000f000 00001000[0m
[0;32mI (74) boot:  2 factory          factory app      00 00 00010000 00200000[0m
[0;32mI (80) boot:  3 spiffs           Unknown data     01 82 00210000 00100000[0m
[0;32mI (87) boot: End of partition table[0m
[0;32mI (90) esp_image: segment 0: paddr=00010020 vaddr=3c0d0020 size=6a9bch (436668) map[0m
[0;32mI (166) esp_image: segment 1: paddr=0007a9e4 vaddr=3fc96000 size=02ef8h ( 12024) load[0m
[0;32mI (168) esp_image: segment 2: paddr=0007d8e4 vaddr=40380000 size=02734h ( 10036) load[0m
[0;32mI (172) esp_image: segment 3: paddr=00080020 vaddr=42000020 size=ce414h (844820) map[0m
[0;32mI (309) esp_image: segment 4: paddr=0014e43c vaddr=40382734 size=13724h ( 79652) load[0m
[0;32mI (324) esp_image: segment 5: paddr=00161b68 vaddr=50000000 size=0001ch (    28) load[0m
[0;32mI (330) boot: Loaded app from partition at offset 0x10000[0m
[0;32mI (330) boot: Disabling RNG early entropy source...[0m
[0;32mI (342) cpu_start: Unicore app[0m
[0;32mI (350) cpu_start: Pro cpu start user code[0m
[0;32mI (350) cpu_start: cpu freq: 160000000 Hz[0m
[0;32mI (350) app_init: Application information:[0m
[0;32mI (350) app_init: Project name:     AP_displayer[0m
[0;32mI (355) app_init: App version:      9e15134-dirty[0m
[0;32mI (359) app_init: Compile time:     Mar 16 2025 19:22:18[0m
[0;32mI (364) app_init: ELF file SHA256:  1c9ad95a9...[0m
[0;32mI (368) app_init: ESP-IDF:          v5.5-dev-2290-g94cfe394fe-dirty[0m
[0;32mI (374) efuse_init: Min chip rev:     v0.3[0m
[0;32mI (378) efuse_init: Max chip rev:     v1.99 [0m
[0;32mI (382) efuse_init: Chip rev:         v0.3[0m
[0;32mI (386) heap_init: Initializing. RAM available for dynamic allocation:[0m
[0;32mI (392) heap_init: At 3FCAD4F0 len 00012B10 (74 KiB): RAM[0m
[0;32mI (397) heap_init: At 3FCC0000 len 0001C710 (113 KiB): Retention RAM[0m
[0;32mI (403) heap_init: At 3FCDC710 len 00002950 (10 KiB): Retention RAM[0m
[0;32mI (409) heap_init: At 5000001C len 00001FCC (7 KiB): RTCRAM[0m
[0;32mI (416) spi_flash: detected chip: generic[0m
[0;32mI (418) spi_flash: flash io: dio[0m
[0;32mI (422) sleep_gpio: Configure to isolate all GPIO pins in sleep state[0m
[0;32mI (428) sleep_gpio: Enable automatic switching of GPIO sleep configuration[0m
[0;32mI (434) main_task: Started on CPU0[0m
[0;32mI (464) main_task: Calling app_main()[0m
[0;32mI (464) gpio: GPIO[7]| InputEn: 0| OutputEn: 0| OpenDrain: 0| Pullup: 1| Pulldown: 0| Intr:0 [0m
[0;32mI (464) gpio: GPIO[7]| InputEn: 1| OutputEn: 0| OpenDrain: 0| Pullup: 0| Pulldown: 1| Intr:1 [0m
[0;32mI (474) gpio: GPIO[9]| InputEn: 0| OutputEn: 0| OpenDrain: 0| Pullup: 1| Pulldown: 0| Intr:0 [0m
[0;32mI (484) gpio: GPIO[9]| InputEn: 1| OutputEn: 0| OpenDrain: 0| Pullup: 0| Pulldown: 1| Intr:1 [0m
[0;32mI (494) btn_driver: btn_pins config done[0m
[0;32mI (494) pp: pp rom version: 9387209[0m
[0;32mI (494) net80211: net80211 rom version: 9387209[0m
[0;32mI (514) wifi:wifi driver task: 3fcb6a1c, prio:23, stack:6656, core=0[0m
[0;32mI (514) wifi:wifi firmware version: 3a3aca644[0m
[0;32mI (514) wifi:wifi certification version: v7.0[0m
[0;32mI (514) wifi:config NVS flash: enabled[0m
[0;32mI (514) wifi:config nano formatting: disabled[0m
[0;32mI (524) wifi:Init data frame dynamic rx buffer num: 32[0m
[0;32mI (524) wifi:Init static rx mgmt buffer num: 5[0m
[0;32mI (534) wifi:Init management short buffer num: 32[0m
[0;32mI (534) wifi:Init dynamic tx buffer num: 32[0m
[0;32mI (544) wifi:Init static tx FG buffer num: 2[0m
[0;32mI (544) wifi:Init static rx buffer size: 1600[0m
[0;32mI (544) wifi:Init static rx buffer num: 10[0m
[0;32mI (554) wifi:Init dynamic rx buffer num: 32[0m
[0;32mI (554) wifi_init: rx ba win: 6[0m
[0;32mI (554) wifi_init: accept mbox: 6[0m
[0;32mI (564) wifi_init: tcpip mbox: 32[0m
[0;32mI (564) wifi_init: udp mbox: 6[0m
[0;32mI (564) wifi_init: tcp mbox: 6[0m
[0;32mI (574) wifi_init: tcp tx win: 5760[0m
[0;32mI (574) wifi_init: tcp rx win: 5760[0m
[0;32mI (574) wifi_init: tcp mss: 1440[0m
[0;32mI (574) wifi_init: WiFi IRAM OP enabled[0m
[0;32mI (584) wifi_init: WiFi RX IRAM OP enabled[0m
[0;32mI (584) phy_init: phy_version 1200,2b7123f9,Feb 18 2025,15:22:21[0m
[0;32mI (624) phy_init: Saving new calibration data due to checksum failure or outdated calibration data, mode(0)[0m
[0;32mI (634) wifi:mode : sta (58:cf:79:e1:85:b8)[0m
[0;32mI (644) wifi:enable tsf[0m
[0;32mI (3144) scan_app: total APs scanned = 4, size of APs list shown = 4[0m
[0;32mI (3144) scan_app: SUPLA device found : SSID = SOMEF-R1-24EC4A9AFDFC[0m
[0;32mI (3144) scan_app:                      MAC = 24:ec:4a:9a:fd:fd[0m
[0;32mI (3144) main: from main: uint8_t  ssid = SOMEF-R1-24EC4Hï¿½?DFC[0m
[0;32mI (3154) main: from main: char ssid = SOMEF-R1-24EC4A9AFDFC[0m
[0;32mI (3154) display_driver: config bl pin[0m
[0;32mI (3164) gpio: GPIO[2]| InputEn: 0| OutputEn: 1| OpenDrain: 0| Pullup: 0| Pulldown: 0| Intr:0 [0m
[0;32mI (3174) display_driver: init spi bus[0m
[0;32mI (3174) display_driver: init lcd panel io[0m
[0;32mI (3174) display_driver: init ili9341 driver[0m
[0;32mI (3184) gpio: GPIO[3]| InputEn: 0| OutputEn: 1| OpenDrain: 0| Pullup: 0| Pulldown: 0| Intr:0 [0m
[0;32mI (3184) ili9341: LCD panel create success, version: 1.2.0[0m
[0;32mI (3314) display_driver: init lvgl[0m
[0;32mI (3314) display_driver: init lv tick_timer[0m
[0;32mI (3314) display_driver: attach callback to lv_display event: "display is flush ready" ie: transfer from lv buffers is finished; cb = notify lvgl[0m
[0;32mI (3324) display_driver: create lvgl task[0m
[0;32mI (3324) display_driver: starting lvgl task[0m
[0;32mI (3394) display_driver: start ui [0m
[0;32mI (30324) btn_driver: btn_nok pressed[0m
[0;32mI (52384) display_driver: btn_ok_pressed = 1[0m
[0;32mI (52484) display_driver: btn_ok_pressed = 1[0m
[0;32mI (52584) display_driver: btn_ok_pressed = 1[0m
[0;32mI (52684) display_driver: btn_ok_pressed = 1[0m
[0;32mI (52784) display_driver: btn_ok_pressed = 1[0m
[0;32mI (52844) btn_driver: btn_ok pressed[0m
[0;32mI (53384) display_driver: btn_ok_pressed = 1[0m
[0;32mI (53484) display_driver: btn_ok_pressed = 1[0m
[0;32mI (53584) display_driver: btn_ok_pressed = 1[0m
[0;32mI (53684) display_driver: btn_ok_pressed = 1[0m
[0;32mI (53784) display_driver: btn_ok_pressed = 1[0m
[0;32mI (53874) btn_driver: btn_ok pressed[0m
[0;32mI (54484) display_driver: btn_ok_pressed = 1[0m
[0;32mI (54584) display_driver: btn_ok_pressed = 1[0m
[0;32mI (54684) display_driver: btn_ok_pressed = 1[0m
[0;32mI (54784) display_driver: btn_ok_pressed = 1[0m
[0;32mI (54884) display_driver: btn_ok_pressed = 1[0m
[0;32mI (54934) btn_driver: btn_ok pressed[0m
