Command: /home/mariem/.espressif/python_env/idf5.5_py3.12_env/bin/python /home/mariem/esp-idf/tools/idf_monitor.py -p /dev/ttyUSB0 -b 115200 --toolchain-prefix riscv32-esp-elf- --target esp32c3 --revision 3 --decode-panic backtrace /home/mariem/AP_displayer/build/AP_displayer.elf /home/mariem/AP_displayer/build/bootloader/bootloader.elf -m '/home/mariem/.espressif/python_env/idf5.5_py3.12_env/bin/python' '/home/mariem/esp-idf/tools/idf.py'
ï¿½ (212) cpu_start: Pro cpu start uï¿½ESP-ROM:esp32c3-api1-20210207
Build:Feb  7 2021
rst:0x1 (POWERON),boot:0xc (SPI_FAST_FLASH_BOOT)
SPIWP:0xee
mode:DIO, clock div:1
load:0x3fcd5820,len:0x15b8
load:0x403cc710,len:0xd28
load:0x403ce710,len:0x34d0
entry 0x403cc728
[0;32mI (30) boot: ESP-IDF v5.5-dev-1655-gc5865270b5 2nd stage bootloader[0m
[0;32mI (30) boot: compile time Mar  3 2025 13:31:08[0m
[0;32mI (30) boot: chip revision: v0.3[0m
[0;32mI (32) boot: efuse block revision: v1.2[0m
[0;32mI (36) boot.esp32c3: SPI Speed      : 80MHz[0m
[0;32mI (39) boot.esp32c3: SPI Mode       : DIO[0m
[0;32mI (43) boot.esp32c3: SPI Flash Size : 2MB[0m
[0;32mI (47) boot: Enabling RNG early entropy source...[0m
[0;32mI (51) boot: Partition Table:[0m
[0;32mI (54) boot: ## Label            Usage          Type ST Offset   Length[0m
[0;32mI (60) boot:  0 nvs              WiFi data        01 02 00009000 00006000[0m
[0;32mI (67) boot:  1 phy_init         RF data          01 01 0000f000 00001000[0m
[0;32mI (73) boot:  2 factory          factory app      00 00 00010000 00177000[0m
[0;32mI (80) boot: End of partition table[0m
[0;32mI (83) esp_image: segment 0: paddr=00010020 vaddr=3c060020 size=10030h ( 65584) map[0m
[0;32mI (101) esp_image: segment 1: paddr=00020058 vaddr=3fc90a00 size=015a8h (  5544) load[0m
[0;32mI (102) esp_image: segment 2: paddr=00021608 vaddr=40380000 size=0ea10h ( 59920) load[0m
[0;32mI (117) esp_image: segment 3: paddr=00030020 vaddr=42000020 size=5d280h (381568) map[0m
[0;32mI (178) esp_image: segment 4: paddr=0008d2a8 vaddr=4038ea10 size=01e0ch (  7692) load[0m
[0;32mI (180) esp_image: segment 5: paddr=0008f0bc vaddr=50000000 size=0001ch (    28) load[0m
[0;32mI (187) boot: Loaded app from partition at offset 0x10000[0m
[0;32mI (187) boot: Disabling RNG early entropy source...[0m
[0;32mI (203) cpu_start: Unicore app[0m
[0;32mI (212) cpu_start: Pro cpu start user code[0m
[0;32mI (212) cpu_start: cpu freq: 160000000 Hz[0m
[0;32mI (212) app_init: Application information:[0m
[0;32mI (212) app_init: Project name:     AP_displayer[0m
[0;32mI (216) app_init: App version:      1[0m
[0;32mI (220) app_init: Compile time:     Mar  3 2025 13:31:04[0m
[0;32mI (225) app_init: ELF file SHA256:  414596021...[0m
[0;32mI (229) app_init: ESP-IDF:          v5.5-dev-1655-gc5865270b5[0m
[0;32mI (234) efuse_init: Min chip rev:     v0.3[0m
[0;32mI (238) efuse_init: Max chip rev:     v1.99 [0m
[0;32mI (242) efuse_init: Chip rev:         v0.3[0m
[0;32mI (246) heap_init: Initializing. RAM available for dynamic allocation:[0m
[0;32mI (252) heap_init: At 3FCA30A0 len 0001CF60 (115 KiB): RAM[0m
[0;32mI (257) heap_init: At 3FCC0000 len 0001C710 (113 KiB): Retention RAM[0m
[0;32mI (264) heap_init: At 3FCDC710 len 00002950 (10 KiB): Retention RAM[0m
[0;32mI (270) heap_init: At 5000001C len 00001FCC (7 KiB): RTCRAM[0m
[0;32mI (276) spi_flash: detected chip: generic[0m
[0;32mI (279) spi_flash: flash io: dio[0m
[0;33mW (282) spi_flash: Detected size(4096k) larger than the size in the binary image header(2048k). Using the size in the binary image header.[0m
[0;32mI (294) sleep_gpio: Configure to isolate all GPIO pins in sleep state[0m
[0;32mI (300) sleep_gpio: Enable automatic switching of GPIO sleep configuration[0m
[0;32mI (307) main_task: Started on CPU0[0m
[0;32mI (317) main_task: Calling app_main()[0m
[0;32mI (327) display_driver: config bl pin[0m
[0;32mI (327) gpio: GPIO[2]| InputEn: 0| OutputEn: 1| OpenDrain: 0| Pullup: 0| Pulldown: 0| Intr:0 [0m
[0;32mI (327) display_driver: init spi bus[0m
[0;32mI (337) display_driver: init lcd panel io[0m
[0;32mI (337) gpio: GPIO[1]| InputEn: 0| OutputEn: 1| OpenDrain: 0| Pullup: 0| Pulldown: 0| Intr:0 [0m
[0;32mI (347) display_driver: init ili9341 driver[0m
[0;32mI (347) gpio: GPIO[4]| InputEn: 0| OutputEn: 1| OpenDrain: 0| Pullup: 0| Pulldown: 0| Intr:0 [0m
[0;32mI (357) ili9341: LCD panel create success, version: 1.2.0[0m
[0;32mI (487) display_driver: init lvgl[0m
[0;32mI (487) display_driver: init lv tick_timer[0m
[0;32mI (487) display_driver: create lvgl task[0m
[0;32mI (487) display_driver: starting lvgl task[0m
[1;31mE (5467) task_wdt: Task watchdog got triggered. The following tasks/users did not reset the watchdog in time:[0m
[1;31mE (5467) task_wdt:  - IDLE (CPU 0)[0m
[1;31mE (5467) task_wdt: Tasks currently running:[0m
[1;31mE (5467) task_wdt: CPU 0: lvgl_task[0m
[1;31mE (5467) task_wdt: Print CPU 0 (current core) backtrace[0m
Backtrace: 0x420138a8:0x3fcaea80 0x42013e06:0x3fcaeab0 0x42014830:0x3fcaeae0 0x420149cc:0x3fcaeb20 0x42014b40:0x3fcaeb30 0x42014d90:0x3fcaeb40 0x4201e7ce:0x3fcaeb50 0x4201e88c:0x3fcaeb70 0x4200a3d8:0x3fcaeb80 0x403879ea:0x3fcaeb90 0x00000000:0x00000000
